// Jest Snapshot v1, https://goo.gl/fbAQLP

exports[`test avatar component component render properly 1`] = `
<View
  style={
    Object {
      "backgroundColor": "lightgrey",
      "borderRadius": 33.5,
      "height": 70,
      "overflow": "hidden",
      "width": 70,
    }
  }
>
  <Image
    source={
      Object {
        "uri": "data:image/jpeg;base64,/9j/4AAQSkZJRgABAQAASABIAAD/4QBYRXhpZgAATU0AKgAAAAgAAgESAAMAAAABAAEAAIdpAAQAAAABAAAAJgAAAAAAA6ABAAMAAAABAAEAAKACAAQAAAABAAAAyKADAAQAAAABAAAAyAAAAAD/7QA4UGhvdG9zaG9wIDMuMAA4QklNBAQAAAAAAAA4QklNBCUAAAAAABDUHYzZjwCyBOmACZjs+EJ+/8AAEQgAyADIAwEiAAIRAQMRAf/EAB8AAAEFAQEBAQEBAAAAAAAAAAABAgMEBQYHCAkKC//EALUQAAIBAwMCBAMFBQQEAAABfQECAwAEEQUSITFBBhNRYQcicRQygZGhCCNCscEVUtHwJDNicoIJChYXGBkaJSYnKCkqNDU2Nzg5OkNERUZHSElKU1RVVldYWVpjZGVmZ2hpanN0dXZ3eHl6g4SFhoeIiYqSk5SVlpeYmZqio6Slpqeoqaqys7S1tre4ubrCw8TFxsfIycrS09TV1tfY2drh4uPk5ebn6Onq8fLz9PX29/j5+v/EAB8BAAMBAQEBAQEBAQEAAAAAAAABAgMEBQYHCAkKC//EALURAAIBAgQEAwQHBQQEAAECdwABAgMRBAUhMQYSQVEHYXETIjKBCBRCkaGxwQkjM1LwFWJy0QoWJDThJfEXGBkaJicoKSo1Njc4OTpDREVGR0hJSlNUVVZXWFlaY2RlZmdoaWpzdHV2d3h5eoKDhIWGh4iJipKTlJWWl5iZmqKjpKWmp6ipqrKztLW2t7i5usLDxMXGx8jJytLT1NXW19jZ2uLj5OXm5+jp6vLz9PX29/j5+v/bAEMAAgICAgICAwICAwQDAwMEBQQEBAQFBwUFBQUFBwgHBwcHBwcICAgICAgICAoKCgoKCgsLCwsLDQ0NDQ0NDQ0NDf/bAEMBAgICAwMDBgMDBg0JBwkNDQ0NDQ0NDQ0NDQ0NDQ0NDQ0NDQ0NDQ0NDQ0NDQ0NDQ0NDQ0NDQ0NDQ0NDQ0NDQ0NDf/dAAQADf/aAAwDAQACEQMRAD8A8XmtpPMd2Hfv1qubVuOK7m7S43bMlVKjACgDgY7CstrMDtX4FFWirH+rlSq3Wk5b3J/B+sx+H9es9TuEVlhjuodzR+cIjdW8tuJDGSN4TzclQQSM4OcV1Au/Dfh6wk05tTvry5u5hew3Wgy/ZkswIfJUE3UIaUvkl0Aj27E+YnpxJtlBrpdFtfBosJ5fEH2lrtZP3SQyBEZMA88bs5yM5rWM3Faf1/VjzsywVOvUWJquT0jG0baqLbj56OTejV+ulzq5fFHw+j0R9a/4RS61O4OpWMMf9q6tNMpe2t3e5fCr0uGZWkjJZcsAOFwfHNZv9GvAy6VodtpTSztO7RTTTEBs/uo/MchIVzwuC3AyxwK7+e4+HsV6/wBmsrqSzJLCN5GDBuANpJcYxnO4Z9K8+1drKW/ln0yEwW7EGONsErwMjgetZe1k9JHocNZVSo1HPlqJvW8pya7JWc2tPTfU55uCTtOB3qeGVkBXbuBIOMkcjp0qaaUMny98/rVUEqAMA/Ws+aXU/SXSpXXs9i6t5Ku4qFBPcKOuetRSTSOx3tk+tQZH0xWvoulxanNPPqFwbTS7JBLfXSgF1VjhIogeGmmYFYweBgsflU04u5pOUKMHUnsv6SXdvZLdvRD9L0jUdXWaa08uC0tsfar26fyrW33dN7kElm/hjQNI38KmpmuPCmmt5UME+vyr96e5d7Kyz3CQRMJ3HozypnugqjrmuPqxht4YVs9NssrZWURJjhDdWOeZJX6ySt8zH0AAGN0yDik5WNcNgK2IXPim4p7Ri7Nf4pLVvyTUenvWu+n/AOEolVdlrpWh26D7oXS7eYj/AIHcLM5/FqgfxFA277Zoejzhuuy1+xuf+B2bQH+f0rAPC8VVchs56Vk6sjthkWBvdU0n3Wj+9a/idBGnhTVm2WdxLod23Cx38n2iycnsLlEWSHJ6eZG6/wB6Qdax7+zvdJunsdThaCdQG2vjDIwyrowJV0Ycq6kqw6E1jvHht2Mjp+FdJpmrWjWK6Dr4eTTdxMMijdNYyP1lg9VJ5ki4WQcjD4YNy5tzrlh62FXPRbnDrF6yX+FvV+km2+klazxd3Jx3pysQcjrVjUdOutIvW0+6Ku6qrpJGd0U0Ug3RyxtxlJFIZT17EAgiqoxjNYu6PRp1IVaaqU3eL1T7ovxtu5656itaPDRjPtWFCTvHetuI5UCrUtDgxUbD1Hb6Veixx+VVDww7VbibJHpWkHpc+ZxcItmnEMitS1XJ+tZaEggg1u2ikla6aUz5XGwsmasKdhVrZ7n86khiGN3b+dT+Wv8Acr0YvQ+TrP3tz//QzLm1aSQlvlxwBVU2Me35uvNd1LppySRyKy7jTyueoz0r8KnBW90/08wOaWqKpLU8+lgAJFUJoQRn0rtJbFRknmsi6tvvAL2rneh72GxMZSujjpo1ycVnyLwSK6Ca1YZxzWXJAV4NYuXc+lwkl3MF1yfaoY4rm7uYbGxglurm5lWGCCFDJLLLIQqIijlmYnAArTe3J5Ffan7Gvw7Ep8VfF6WGOfUdDtrnT/DUUoB3ap9laeSRFP3nRNqr6BmrehT9pNRMOL+LMPw9k1bNayu4JKMb25pN2ir9Fd6vpFN20PJp/gV4S8CW8Z+O3jqHw7qcsYmPh/RbU6rqcKMMj7Q6kQwtjnb83sTW3rfwp+EmtQweAfh18Rxaa3Z3DyNp/iayNlHf30yjCm8izFHLGmIkRgQG3d2Jr5y0G6ufE3jXT7/XJZLx7u7F7fSTsWeURA3MxcnJ+YI2c/SsSS9k1Kee+u/nlu5HnmLc7nlJZs/iaHWilpBficVPhrO62IjUxGaVFVjFTtGFL2SlK6SUHBtxVpX5puTunzJ6lrxD4f17wh4gvPCviqwm0vVdPk8q4tpvvKcZUgjIZWHKspKsDkHFZJmwceh/Cvo3xLdP8UvgRbeL9SY3HiP4cahb6Ne3jfNNdaHqIY2ZlY8s1vMpjBPO08mvMvB+nfDm88JeKZfFF6bbxDAkQ0BJZZUtpXeOUyeZ5ascoUGwn5TI6hvlJImpCKaXdXPr8n4nnLLp1sfRbrUZqlUjTi5e83FKUVe/JKM41NbuMHrdpnnpkBBHWlntLy3tY764tpo7acsIpmRljkK/eCMQA2O+CcV6l4P1z4RWHgLU4PFelz3fii6GpWtjOIyY7eK4to2t7gncFaWK5jKKP4UkdjniuBvfFFvJ4W0jRYoHF7pV9fXPnEDY8F0Ldo0zndmOWKQ8jGH471jKEUrtnvYfMsXWxMqFPCzjGM+VylZKUeWT5oau65lFaq/vbHNp515NFaWkMs08sixxwxoXkkdzhVVQNxJJ4AGTV7+wfEbX19py6Xdm70qOSW+tmiYTW6ROqSGSMjcuxmUHIyM816z41+NN54w+MOmfFLwroq6fqdubRY7Vma6+03EJZFBCLGcujLEAgDfKCDuOa5/RviL4o+HnxDvfF/hawTQtTXz7WSxuxNcC3DBVkjcXLmYsrqD+8YkHrxxWkIReiZnSzPPKmHjJYSMKzpc3JKonapfWEpR+zbaajK99UrJSwfD/AIR8W+MNG1XW9KRZdL8LWwkvp5plSO0glEsqABjnEjoyqAOZGA6tV7QPh34p8QeAtf8AiNpsaPpXhy4toLuM7jNif70iYUqViynmZIIDgjgHFXw34n8b6WutT+Grm8ijvU87WPskO+Fov3gzOAjKkX71xhsJg47CsOy1zU7bT206y1G5ismaRjbxzOkLNKoRyUBCkugCtkcqMdKz5obNO/8AWxpWjnM6laGHqUoxU6bjo21HR1IzWi5pu6jJbRadrrWGNSCpzitaB+oxxisLzAAM9a07KQOvUHHB9qix6mLXu3ZqAgYORVyEc8VTjcRypI3Ix6Z6jANa0EsBkUEO5xgsSBn3xjNOLPlcW9Lmlbx5xXUWUI3dOAOaxIpo3AVI9nJx82e9dRprtGeOd2c10pnyGNlvzHrfw3gQXV59lhabVGihjsSm3fEWmTzpUVh8zLGCPl+YKzMvK17V/Zfjn/ntqf5P/hXzjpEatkleQe/tXQ7BXo05+6j8izfKHXxc63NHW3xR5raWsveVlpe1t231P//R94vPD8CsV3PzjJ2DH5ZzXMX2hNGdpAI6qRyCD3HevqK40bSFLxrcx7WwIf8ARWkkLMwXa+/C8JyCD97HA5rnte0/w6pmtLae+dEuXyfs8CK0SngYDAhsj73/AI7X4vKhpqf3BgOKuapGmoyfyf8AkfLVxozqzbhj61zF7prqc44r3XUtLXLlAcEnbuOTjtk4HOK4rU9P2BXAztIJB74Oa4Zw7H6Vl+P5rNM8Xu7DyjhvlJ5wRjisG5tOc4+leqaiLfOWjMnJbk4x7d+K5G/MRG2OEBcfeySScY/nXFNWPuMDi27HAPFtJUjvX1HoXi7W/h/+zt4K8a+FG23Oi/EK+luA2djyPauFSQD+CSElPoeOa+bLpfnJB6gV7L8G/EXhnU9I8RfBT4g3o07QfGBhlsNSfGzTNZt8eRMxOMRyYVHPA4AJAYkbYKry1LX3Vv8AI4uOMIsTltOvUpe0p0qkZzgldyp2cZpLq1CTlbd8tlqzyzU9b0XxF8RtZ8S+HdJGiWepw6tdQ6csvnC3kksJy6q21eDJlgAAFzgcCvJIm2gKOeP0r2TxJ8OvGvwe8ZWdp490qa0tYrpVa/jUyWNzbTHy3khnA2MGjcnBIYdCAa5vwh8K/HXjfxC/hfwtpFxf3dtK0FxPsKWtv5TFGeaZhsjQYJyTk9gTxUVFJuzWt2fYZTnWTYfDfWaOIj9WVKHLNzuuWPMtZNu9k1dt3u9dT0X4bxtbfs//ABm1ef5be7PhvS7cH+O7+2GXaPVlTnjnmvNdZ+EHxY0S00i+v/CerQQ69uOng27PLNsXeR5Me6VDt+YB1UkcgV9KeIviz4b+AGkaJ8O/AktprMvh+5nv9V1CWJHjutbnTyzPGrcKLZTthJyRwcevlkX7c3xB8L2eoLNOLq51G7+1m+upF8+JgFBSN8BURwoUgLjHQc161PJq9bl0asvLzf8AwD+fcV4/SyfMMXicBCnKFerz++583KqcKUdIr3dKaqO93aXLypq6+e5rW5iEguY8tHnKH5WBHb149xX2v44/Zn8CeFvhhrmsTXGswaz4f0az1OTWrmSFNJv727CuLC1gKiRvlbAkDHawG7OcV8jeLP2rvB+vXdzr0/g3TItVupmed7aWQRmRuSxiLDlmJLY613Xhr9t7Vpni0m5urCYRBBa299EtzaIcYXakuQCBwCeMccVcsgxEacudXMs7+kLWzfE4GGVVHQcZJzTlyxk7x93mSfu2Ul7ys+a7i2kj0j9kz4HeJvHHj7QPHWqxf2Z4X0bVLa6W8u1KDULqB/NitbUNjzWZly7LkKoPOcCvpP4xfsmaf4v12z8QeHtUMeo3+u6rP431eeYPZadCwF0zbWKhGgRxGigjfnLEAEjyn4LfFTxd4y+OVh42+Imryz6f4U0vVNSW0fENpAsNo4RYIkxEu4uAMcngZNfIGqfEnxnrs2uNc6xfLa+I72XUNRs47iRLe4mkYtmSINsYrwBkHgAdhXk0Z0qNK2r19D9EWWcZcScXTzPB4+GH9jRp6Qi5wSqSqLkbfK6kope0bklFy5Pdsrn6BeEvAXiW9+D/AIM8HfBq/iHg/wARahq83jzxRGYbcPaW05h8u4EjeZHG1oDiMHnIyQCSfMvjD8L9C+NvjrUPiL8FPFvhS40zUhDG+lXd5Ho91aPbRLAcQyqqvG4jDhxjIPfrXw/b6xqENrPp0V5cx2Vywaa2SZ0gkYcAvGCEYjjqKjkEEgVXCuB6gHH6VlVxkZLlcdPX8tNPx3PtMs8Kc1y7M6ma0MxtVbqWfsovmVWfPL215LnkrQjBxdNRjBJKzaPqGy+C/wANPBA/tL42fEDTZ4rchv7A8ITf2pqFyRz5bXACwwA9ycn3HWuK+I3jbQPG+vwXHhbwzZeFdF02zSxsLK0UGUwRszB7mX/lrMxY5b04yeteNDBQKo4XHyg1rWz9SvpzWTrXXKlp+P3n0uH4Zr08V/aOZ4qdesrqN7QpwT35acdLv+abnK2ikkawZSoPartsSG9scVmryPpxVqJiDmkjXF7HS2spDZPrxXYae+7np0rh7UjAz1zXYaZllZj2ArZPQ+PzG3Kz0TS3Cq2Tzn9K2PMT1NYmlBmQALnHT1ra8uX/AJ5n8q7IVFY+FxNNuo3Y/9L9Kr3SIY23I53KQwO3gEH8ea4rVdMt9hf5vMPOMce+TXtl7YAhiorhNSs+Su2vyeth7H9L5RmsnJO54jf6eGU8c+lef6rZYVgQOete26rZgFuox6V5xq1or8MPxryqkLH6xkmY3auzwrU7Xrn6e1cDqMexWA9TXsOs26rkL2ryvU4/lkB6jBrzaysfrOV4nmSPPrvKMe5rAnAaMqQCOhz0rpLtd7EL7jNc7LnkEcCuN6bH6Jl7uj1PwV+0R8YPh9pg0TQtfkm0yMBY7DUIo763jUdFQTKzIo7KrAD0p3xX/a3+KWo+FbZ7zXFtUvUeCfT7KOO0QzR8NIQo3NHIpDYLcNuGCAK8ZmAOc9D0PTFfIXxG8VLf61csshaC2YW0eOhI+8fzNe9klGriq6jd8sbX7f15H4R44LIclwP1zD4SnHF1G7TUI82z5pXtutNd07O/e7qPxCvLq68y5cFWZyo6dDyQec8Y61hyeEPiL8UJFvVhFrYAbYBK+1Sg6HaOpPPJ615WdRa5v0Rizx7xEBuwfmOD6jnNfpP4O060g8P2UUIwqRIFHfGOK/SMVKVBJJan8T0oLESdSo7nzFpX7OmqPEp1K8RTj7hOcEdMEVw/i3wDrPge9jk1Hy57Eqdsy8FQevIAH1Br9BjGoHbnoc1xPi7QLPxHpFzpt3CJI5Y2TBGcZ6Ee4PQ1xQxc7vn1TOmWGja8dzi/2afjNY6PpHjLwPq8/mXOu6Bc6Zo1wwztaV499u3qHRW256HjuBUE6OuHIAYKFb0Y46iviHUbbUvBHimXTGkaGW0lVo2GcbQdysOhBHGOhr6+8M+KIfFWjx6xBH5ZkYw3MY5EVyByQem1wQfb8K+I4uyiVKUcZQfubNevX9D+z/oxcb0Z1a2U4mT9s7ON3vGKty/9upXS7X7Gq2AT247e1TqyFM7snd0qoexcEHGCD3NPQrkYx718hDU/tOttc1oW28HoK0bWZNpXoTjpWTwBkkZPTNWYDtIBHUiumnufO4rVG6sn4/TvWhaedMzbcBBjJYhQD9T3qz4P03Ttc8U6Xo+qySRWNxP/AKQ0ILSmKNWkZIwOS7hdigc7mGMmvQ4fD6+LrCS90zRobJNMmEKxWU4gW5V4GlfYLyUmSSJgm4plysgyucV1Km2rn57neeUcJX9hUXRNvSyTbS3a3ae2270ORS3kiUSqVlQdTGwbHOBkdR+WK6rTGKrhu46V21j8N7SyhN9qF/pNhAk1pCz3Opo7FbuNpGXbCM+ZCAFlQ45JIOASOXvbG20yUNb39jdB5Cqx2LySqI0AAkLOoxvPO0ncO4FS1K54OGzXCYyo4QbbXlp33V1t/wAE7TSZGAUnvXQ+cfT9a4rSruPISQn2roPPi9TWlzzcVRvUbP/T/YG4h28NXJaraqM8Yr0O8VPmDYPPBrk76MENn8DX5vV2P2DLcS7pnjupWbfNkc9q811W3AQ8Z617Jq6FS7A5HPB7fjXlWtbPnK9c14WIVm0fsPD+IlJo8V1y2VpCE6nPGenGa8t1OzRnISeNnYH5TlfpyRjvX0vd6etzb6fBa2iy2NwkY1O5eFSqHe5lYz43R+WuMDK4Kg4O7nzGHwjpV5dwWdxqWlRtJc20Kt9plmaSObiSRFjVSDFjJRwN27APBI86rRe5+m5XxLRgm53XL216tapap6bdte9vm6+geF2WVdrDIIIwQRXLzKDnB+le0eJdM8KC3gjtdetZivmmd4LK6D/uywjEZlwHDgjO4ptwOteNyR4OSMY/rXm1IcrP17IM1jiKbqJNesZR/NI898baqdI8PXV4rBHVGVDj+JuOnevz/wBR1FJfLVmG5SzNg9WJ474r69+PN41p4dEaPgu3IHXGD0r4NuJy8gPoeMdhX6RwVhVHDyqy6v8AI/j76Ruc1q+fxwzfuwgkvnqzftmRtRtEJIV7hAT3AL+mDmv0l0Pxf4XsrK1sZdQiWTy1VQxK5I47jrX5n6I19LqlqLIF7gSB4woJO4HI4Hoa+tNB8PeMvERc+ICkBVR5RRWZywPIOcAD3GfpXt5sndcp+GZVJ8ri1ofW8eq27oShDLgkH/8AVXCXHjlZb+XTI44bZY+fOmfrj/ZGP503w/pVza6JdaXdTNLKFKRzEbXAYenPIrgz8LdRjvVnS+uJEYMGj3FMs3AbcpB4Hbkfyrz8NBSV5ux6ddSj8KueIftE6fJJc2niBfLK7vJMkXzK4I3A56gcYANcb8E/Gdpo3iyDTdWkKaZqbLDdEc45+V1GD8yk/lmvor4zeD4bD4USwli8to0crStyWIPPQelfBthI8dzHNEdjxsHVvQjkGu+WDpYvBzoVVdO6KyfPcXk2bUcfhJWlFp/d/wAA/WuTTPhNbFRcX2qO/wAu+MKuVDFdx464G4qRweM46VmeK5fDMmmW8HhrQb7TzZTTST3dwjHfDK37tGcjnYGjwzckue23O98NvjDq3irwFYWWjaNpaTW9hqOlXE0+YyV1GIl/mXDkgJmPOQCMd6teL9Z+JWqeG9TGvX9vLp2pW2ia7NH5+Wn2QfZYGiDksXVBmdAeqhv4Vr8cq4f2U5U5bry/W5/o1wrxJicy+r46U3yyaa5q973ly6QjFK9m2lLrZea8bScsQMVbjYZypz/KsNGc49xmtC1k5w3frWdM/XsXoro6GJypV1Yq0bB1ZSVZWXkEEcgg8givSrPTPG3xEA1e/wBQ+3i2/wBFR765yybcEgKdx5yMnHze9eWoQFBz1rRtdTu7VfLgmkjRiSQp43MuCfyFat+60fIYyjKdWNSlZTT0bV7X3ttuerw+GtUhgTQLm4tIkgnkut4fIcyKsecnA4EfH8XzHisvabe6e3EgcRsV3r0bHcVxENzM6ZLkjOeSee9bFpdDeAO1Ywk+bUipgKtO7qSvfsra9X1PStPucAc4Na32x/71cNaXPIzwc9a1PtXuK6Lp7nzdfDrnP//U/Y+8IPJOcdq5LVbhlXaD0rXuboAc1x2qXQfPNfm1Z6H7PleFfMrrQ5LWJwwx3xmvJ9XmQeZtI5PT0rvtYuiqsUYBugJGRXkWtXkiApuBPJPGK8TEau5+t5FR5UrHFXzyXE/2JJBEs7BSzE7PUFgM9DXL3ul/2ZONSg1W3NxbSEhVTd0UkkbiNxweBjr34q3qV1gE5wfbtXm2q3WdzA9QQfU15tW5+pZfhZ1NFKye6snf7zF8R6RZ2EAe2vUuXLYMaqQVUg8nPv7mvPLocE5rob+bdz61yeqTMkLFcjPFcE4ux+k4KpKhRcpu9tT5P/aB1ESR21uGwRvbaDyeij+Zr47liwxOcgk/419F/G6+8/Uo1fG4xhmycEZJwP0rwCUfOgc4wOcf4d6/XuG6Cp4GHL11P4C8TsxnjeIMRWn3PTvgfpS6p4+tmlIWG0jaVz+G0fmTX6GzajZ6bbx2+nwiWd8jGcADHWvz/wDgbKLbxReqSA72wMYz1AbnHSvsq70jxCLU6tohguLgqpSG4copAzkKwU8+xIGfSubM5y9u4+h4+UqPsFbuTW/jOC01G4guLC8ldsBW8v8Adl/QH098Vtab4jvtq3NxaS2sH3WSYhmznqCOg9qh0pruW036zql1DcHbmC1sYlVTkZAd95PGcHNO/s+/vL1Taajerp6M29buOFnl/u7SqjYPXrn2rkSmle56Dkr2MP4vanp1x8MtWku2VYjDtck4xu4A45yTgV+YEDHAz1xX6DftFy2mjfDW5sEIDX1xBCi9zhw5/Ra/PqNMsAOM8fjXu5Wuak2+58nm8/8AaUonvHwr+IV/4Z1IQmV2t5lWOWIMdpXscDoR64r62ivLPWbSO5j3GNlGwqyug+hB/QgH2r87tInnt72B14ZWGD0xyO9fZ/hO6l+y2eplzNbXY2XEYUKyE8F0ZcZAP3gQcV8ZxZlNF/v4qz7n9MeBfG2OoN4NVNI62f5nXyI1uQj42k/KfWpIWw25QM9K0v7PuizWyMkpOWiBI3EDgg/7Wfb8KyYUfzGDqy7CVZW4KnuMV8BRnzH9z5fmixlBylpJbm5CflAA4FS+b86Y7MKp26tGoByR6USyfvBtTo38jXRo9WcNb49NdTUM23gNjjkVqWb9Gz+Vc0Jclk2lSPXrzW7BcWvlwiJNrYO/nqa507anq4yF4M622uHUjp+NaX2x/Vf0rnIJh94c/wCFWvtA9D+lanyNamubY//V/Um81IEda4vUdUGGw1YV/r6ID834niuMvddjK8yAZ6Y5Jr8nqTb3P6fwGXRjYsavqvJFeXavfK+Tn1FXdT1AOHYSBsDJB4IH0/8Ar1wl/eq65zkdua4as76H32VYZOzMLUrnO7nqa891OQknBwK6fUJw+725rjb51kBHcVwVUfp+VQ5bM5a5kPJHY1y2pSh4ZHkHyxgkZ9RXS3PDNyCBXnfjW9/s/S5G3YypY+oCjP8AOuVQc2oo9bOMzp4PBVK0+iZ8I/FS8nl8STrI2TG23jngE46+g4rzC6AMqFT1HOO2cYrpfEsk99fSXTNv3uWLE8kk5J+lc02GfccEk461+y5bTlRwsKct0j/PbiKu6+Oq1e7NHR9TvNF1aLVbBissB3DHcdGXHoRX238PPi/o+tWws7uYQTLgtHJxtJ7AnjB68V8KEgAFGxn+KhJWhkVpGJwc7lHzf0zRi8JGsr7M48DjXRduh+tkElpMizEho2G5XByDxUOoaxpulWhuZpBtH3VH3mPoB3r5T+Hz6pcaNDPp+p3PlltrDecDgdjnAr2jTPDQluI7rU5nuJDyA5J9+ea8CTcVys+jlVutD5L/AGjdb1fU9f0yK7JjtPIaaKLPR2bBLerbcD86+ehxhgeRzxX1R+05YqtxpF4gGR5sJ46ZwRz+HFfKSl1PI4PHNfTZe4vDxsfGZneOJdzo7GXMiuf/ANRJ6819S/DDUI4MW/mJIt1J5bK55QsBtIzgYJ43A+xr5Ns3AYAcevOa9F8P3WtI2/TA0hhUyuq9Qq/xDvXj53hPbU3E+s4SziWCxMasb/I/Rvwd4Rh8Y3Uem20sFrqELqZPtVwkEaIOWLE53KFB6c9Kb4x8MaTZR2t3aaxo7F4WluPLvZLi4WRQQtuUCYZsgfOBtH8TAV8/eBvHya00Mcx+y6lAuYmyELFhgtGRwx7lD1GeK9FvniltCxZBOspEqIejsMhhyflccj8q/Jszwv1Ntyif3L4b8R4nM8VSpU62j2SW+jvzX7afd99MXfyKE+9gZPYfX3psdwhco/Jw23PTdjj9azBIVBAJ5qPzNrBhwe5ryp4ly0Wx/VuGyajRV56yfX/I6gNZK+64Jbd1wpwdvXbk4qffa7wbUtjrhxj9QTXPXd/cXMUNuz5SEERqOAu7k4+pqxag7AAelOjVb+I5cywdPlTlv/Vux1kF0yjDfKT/AJ61a+0t/e/Uf41zazMq4LYyR171J53+0n5Cuy58jVy1OV0z/9b6qsNatE1y1n1FVktkkyyyHEZODs3HBwu/G44PHaoNSuTJavN4ivbaO73hrTzSbotHsO4O1sWKoX27M553YGK8hm1tiSA3Wo4brSLm2ll1K9eB42CqiKDuB5PJ6flX5DOpp3P7F/shOaqXa22V38u2+umqPS5n8HRWx1K51OeeNbiCELa6dEpP7svMMzN0ViAjYOVxkZPHk+t3mlu+6xluZndmLtPHHEAv8ICxs3zepyAewqvdap4aWY2f2+6ls0dpVCgfK5CrwuFyWA5ORjAGK4jUtTtzcyi03Nb5+Qt97HvXJKon0PrcjymdOfPKUm/NJfoixeXUeDtbrXNTX0KxFWByGJwP4wccE9sfQ1DcXxIY4zn9K5ye4LE9646rP0bBUWldlmaeDYQsRDdsv/QAV4p8UbtBpV5GRjESxrnpufk/jgV6jJK2Cx/h614X8XNsPhbULiVx5y3MRTPZTgMKjDv99CK6tHzXHdT/AIT5xXZv8D4/1CBLi0SZVJ2uVMmOCR2H864GZtruqZwD/wDrr3zVtPtNP8EaZbBiby58zUJsMCqQsSsakfws3WvGbiOMrhAFzkc/nX6/gsRGrDmXTQ/iniHBuhX5ZPVpP7zLgPBB5DD9atW4VyFbkjkHH/6qLQxgmOTv3HT8K21sA6BovnZgeR2z7V1SZ4lGnfU+lP2dLi0kmv7SYltoSRQcd+OB+Ga+uVsllkDR8YGMHv8AlXxX8C7G8j1aa/jXaoRF46MB/wDXr7nsom8jIzjHPtxXzWNVqrPpKT9xM+avjF4Tk8RWksEh/wCPdDLGV7MAdvbtyD7V8Qapo1zpswt7yNkLruU465+uK/V688Ktrkv2RE3yTMB06IOWJ/Dmvkj9pfwvpmmaxbfZl8uWSEPtx/CvGf5ivRyyVSF19lnjY9QlO3U+VobcxDcvzKf510/h7xDdaHqMN/AF8yPqMY3Cubs2dZDG2UXrzkfnU86qQwBIZeR+HWu2tTVRWkLCV3QmpU9Gj1+TX7CTVPtukQ/ZllcT+UxA8ucEnMZXoM849CR0FfSXhzUrHX7L7TCQ032dVkQDDBwxOOnO056Z4NfKHgnRR4lmurZHbzra1eeLGMGSNScHttPT9a9Z0cal4Fj0TW5Ea70DxOivGyD99BcRna6qezqeg5BFfFZ9kv1jDyhSXvJaXP2Lw98RJ5PmcK1X4W02j1Z7cIxyGUe4/l61A8LqM9QO+K9y8A/DXWfinawJ4ShS8kuXcR/vo4cuhKsp81lwcqcr1B+oz7Tp37DHxivwpu59E0tG5H2m/MjhT0OIY3/LNflVPDYlScXB3Xkf6A4Xxr4V+qxqY3GQg2r2b1+5XZ8PoDx2Na0KlPmHRu1fobpv/BPnVpYQuu+NbCP+99isJrluv955Iv5V6RpX7BHw2tgv9r+KddviMAi3jtrRT/32krD8674YKu18P4nymb/SG4Kpp+zxMpv+7Tn+bil+J+WSozHgnk59ak8gf3/0Ffsppf7H/wCz9pQVZtK1DUXX/n81KU5z6rB5Y/Stz/hlz9nv/oUk/wDA2+/+O11xwVW3T73/AJHwOI+kvw+ptUqFZr/DD/5M/9enLqkvY8ms641CQg571lW09xesI7GGWdmOAII2lJ+m0Guy0/4a/EHXFAsNB1aTceP+JfcAf99FAP1r8VqO25/e0a+Gw6Uq01FebSOKe4PXPWq8s7bcZzXr9p+zr8Z76YCLw1cxp/fuJYIBj6SSgj8q7mz/AGSfindKDdJplkO/2i+3EfhDHJ/Osn5nU+L8loazxUPlJP8AI+VZZJCMZ4NZ0hAPP86+3rX9i/xTMc6h4o0q2XjiC3nuWH5+UK6a0/Yp0CPadY8Y3cmWC4t9Pjh5Po0kkn8qwnB30QPxQ4dpKzr3flGb/wDbbH53swedIyeHJzg9lFfP3xk1OOeeLQBkISs9wBgEgH5Bz64Ofwr9WfjL8CPhp8HvDEOt2t1qeoajcSPHbm6mhCrsQu7+XHEu4ADGM9SK/GjxNq6a54kmlmy09wWkC4+7t4A/D8K9fJsslOXt5rS+nyPyzjrxKwuPpfVsuvZ7tq33HFeLr8XNhJt/1UuEQ8giKLpj2J56V4a8w345PUV7/wDEHQ7iwgtYrcMwNuJHJX+8Tu9up/Svn6a2dJXB6jkA+h6V+j4Cnywsfz7mdeVSfPuTQYPQ4ySR6jviuq0tbrfuLYjPykHqG7Zxz7ZrlbGJ5Z1jXPJH1/CvTbaGMJDHCuZcEzIw27gg3cHpuwPz+lbV7k4NOSPrn4D+G/I0gX90GMkpyvYBe3YAmvpi3jIyrDI6ACvPPhsLSTRLR7Vsxyxhx+IHt+fbNez2dp57xxR/ec7RnsTXzrjKpPXc9yUlCN+hreFdMj2XGpZIKjy1B/iz94D6V8mftReC2nI8TKu+GO0aGUFSfLyTtIx7n9a+07PxPpVlbCx0vRri+EZCvLKfLVm7nCgnr0BI4rz/AONegal4o8IC1uoY7e3miDiCFTt2hsHec5bjjnivqKFOMKHLHdHxNbEzli/avRP8j8WULvOqyD5vUjnI/CpZjtkdXBO0kEg9P/1V6j8R/h/ffD7xammSWsj293At7Yh/vtA45Ax12kHjGcdq85uLdLgOsDZbAb1yo9P8K53LWzPW+LWJ2Hw91VdN1CW7jzvMMkSgdG81SCG+tfon4I8PacfgJaapfxJJNpEUd9YiXhlvPO81Ap6jJUZ9jX5o+D9M1W/uHTSYjLPGQ7JwMoByOeOMV9Z+Gh8Ur7w7beG7W4ltdOnLyJbzAbF42gh2QELgnA5I9elcGMqwhdtX0/M1jQqznBxdkmn9x+kvgD4VeJLjw74c+JHwilEcevWWky63pd9M0AutTuN3mz2M4Rwk6q3msflxlt2R8q/pR4W0/VtP0Swh8S3S3urR20aXVxD8sTSgfNtGFOM9yBk84HSvlP8AZGIb4Q2Ok3E7m58Lyy6aqwgbIoZNs6ld3QtvILdSFA6Cvpu4ubG0Gbu5Kpjdulu0iH49P51+Y4msozlTfRn20/a4hKKV/wAzst1inzSvyOzN/iaqy6rpifdMYwfUc15PqHxE+GWlE/btd0WJx95Xu1ncf8BR2P6Vxl/+0L8K9NB8rWreYgdLOylkP4EoB+tebVzbDUtJzS+aPRwvCObYl/uMNUl6Rk1+Cse/Pr9oQfJQuenyIW/kKh/tz/phL/36f/CvlHUf2svBNsP9Dj1a95xhUjtxj8ZMj8qyP+GvfDX/AECdV/8AAiL/AOKrklxNgU7Oovz/ACPoafhZxJOPNHCS+dl+Dsz/0P14jaeIbYCkS9gmFH5AVLtupP8AWSde+TXPJJq57W6f70uT+QqVEv3bm4Qf7kcjD8+BX4dOSR+ocmtzcYJnDOD26Z/nmnK0HQMRj0wP5VyF5fafZ/NqGrLBjs7wwD/yI9cjqPxI+G2mEJfeKLGNupB1CMkY9ot9cssVTg/fkl8z0cPleLxGlClKXpFv8kextJDGMu+M9smsrU49Nv7N7aeQx7iGWRDtdHU5VlPqD68eteDXX7QHwVsSQdYW7Yf88re6nz9CVRT+dctc/tV/C22BWz0zUro9itpDGPzkmJ/SuOtneBp/FWj99z3cNwHxFW/hYKp84tfnY8Q/bVt/Gcnh+11SS/srqzt4ZILZ4ImSUtn99vTJVXKYPHBwcAdK/Hvw7o8kt9PeMoZYV3fNnfgnkj2+tfqJ+0h8WNG+K+g2UGh6dfaRcWV2JWuXuIyHhZGV0MSJjnjnd2r5U0zRtN1G4e40qCSO8EYinsQuVkjXguh7+/QjrX3HDmb4fG4dewd0tL7K/kfNcS8P47J6vsMwpuE2k7O2ifo2uh55qGiQ3t/bi5O+A27QSbxwPNxjg9PY9K+MPGWmLpHii807jZC5jGeu0Hgn6jFfUfjvXfGPg29vbaawN3pzW4WG5XcPLibO0MwU5ZOQTgHgV8mate3mvX8+s6i4aacAuRxwoAHpzivs8HdNtnxtX4TJ0stBeCRFB2Nu64GAenuK9Pvxb6npsn2KJmMhSQMAMxZ4dc5G4dhj2riYdMdLNL1QQWO3PsD19v619PfBT4Var4kms9ckZP7OjuEZ1kXcshj6IFUjcQeuePrXVUleSsRTmqUOaT0Psj4W6VaWmhW2ieKr6G0vbeCP7BceWVNxBtGAyLk7lPBOK9PghNrcR3EbA3FpIrr/AHWI7HPYitPQPBFtYvHruo2wkj023kaNtm92c4xn2GKy4ZDLN+7jMs1w5Yog3MWbsAK8zHU1CalHRmmBxjrc137p6e1vFqFn/aOilzZSMHuLZfvwSfxAr3A7H0rUh0TTdQ0vyNTgaVHWRUG4qwD8dRUeieHbrw1aPrOqzT2tzIm2Gzt/nlYH/novIP8Au9vWumj1C2kijGowPa+Yu5ZiuF5/vj+Fh6V9FgqcnTUqis2fI5jXhGq40ndI+O/jD8FL3xhpNtYokkev6Ec6TqSJvimjHSKYDlGKgBjjbkAjrgfmr468I65ouqy2es+Hr3TNUE581FiJhlVicsjAFWBPIwSK/fdPst2u+CZZWXgshDA/4GsHVfD9lf2z29zGGCjcu4A45z3BrSpgYT+F2YYXO50lyyV0fif4C+FnxD12ZRoa3VnHOreZcvC0aRIeMsz7Qcj+6ScZr7W8L+G7Hw9ptvplmZJFtoxGJpWLO+OCxyTjcefxr6H8d2Q0PwheW1gghVTDt8tQu1GdQcDGB8pxx6147Z7WQAdScdOlfJ55B0akaV/M+6yLEfWqTrWsr2F+33lva3FtDPLHG8sbtGjlUY7WHzKOCe1Zkk8kn3iW9j6VS8TyS2mn3E0RII2ZZTjgMP8AGvKHvZpTmWRznoCxxX89cX5TOpmk6rlZOz/C36H9/wDgelieFaSgvglKP483/tx6w91HDw0qR/UgVSfVrKIYkuYxz2bP8q8oe4UthuxHWlMyDgcgDivn45JH7T/A/X3g7bno82vacn3JS/0U1X/4SKx/vN/3z/8AXrzh7j5PlHI9Kq/aX/un8jXVDJqdupH1SJ//0bF38fvi5eKVk8S3UYbqIFihx9DGikfnXE3/AI18W6sWbU9a1G63fe827lcfkWxXiz+L5Npwie3rWdJ4u1Bj8pCqRnGMV/F08JmNb+JNv1kz/XfAcE4Oh/u+GhB+UYr9D1lmaU75PnPq3J/Wms64+ZlFeQN4mvnzl2I+vFQDWLp1J3H8eaxWRVt5M96GR1Vo7HsDXdsv3pU/MVVfV7JfvTLgcnrxXj8l5MWy7kc8Y5FO86RlYsx7Ct1kMVrKR1wyZL4memalrWn3Fk8UMpZ8qyjHXB5/Ssq1/cSx3tjI8M6NvSRDhlYdD/nr3rilbaOCeeCe+DXVaHcBcRSHJGBk4Oe3OOBX6LwPKOF58NF/3l+T/Q/mH6SHCUaaw2bU9VrTl/6VH/277j1wWnhXx7pcmm+JYEW5uU8q5RDs80Hq6em7uB0PtXzxr37HGlvqscvhfUZbe0BBMN0WuAMnGFZdjfmfxr0y4hZoyQxUg5UqcEEHgj0r6M+HWqDXNB+0TkGaKP8AebiAS8ZAJ/HqK/aMqxH1h+zlo/zP4kzjDTwa9rSfu/kfMth+yE62kFxp13Fe3RIQtfM0UMBB6iBFbeR/CC2PevpL4e/APQvh2IJtPvLx5lwZ0eZhavIfvS+USVU/7uOK9p06aL7R+6ARJEBVQTgkdetbUsUNzdC0fKh03Lno5HVfyr6ZUYLofG18dWno3oVYrmW5BsdGxAqAN57LuMhBGcA8YxnFX3ha2mS4hdzdkcOscZYA9SX25ArXSCK2hUKipjBB+lZMkWpK5msbiBLdvmVZ4i2AeysjBjz65q3FPVnC6s0tCs7agsvm6g8dyGVgsmzZIp9OCQc+uAavxeVIWt3+YRsRtPI+mPWqay30kwW9ii+zg742jJVgw/vAkjB7Y6VpRNYpdzzTsI1GJCefTB/GtEznsSrYWlu4eCNYyck7QBnPrVacoN565GCDTZbxPmk3HDnI9cdqzpboP8qYJNWnrck80+K6bvBN/MgOY7ZpPlHOYSGH4Y5r520ubzrSOdTkOB05A9f1r6w8V6edV8N3lr0862nhAx/E6ED9a+LPBF1I+kpbXBxPACrdRyDg9fcV8dxTC1elPun/AF+J+kcG1ObC1Y9mvx/4Y6LWIkuraW3kGVkQof8AgQxXz9llHzgDYdpB6/lXv1625QM4AP514XrcUkOsXkSgENJ5nU/x/Nj9a/H+KaV60Z+Vj+3fo35ty08Xl0np7s1/6TL/ANtKHQFuDUJkO7pjijeQvzgZbpUZbecNjjNfMRjqf0lUrvVkUkzYAKgAdetReZH6foP8KnYZwpPXsP1pfsy/7f5j/Gtk421RzfWH1P/S+JA7jqOP1qTejL6de/aqqtuBbgZ/kaCcAZPJxX8tuGp/tzGor6ku9t2M47Zq3G2OoI3Z+lUoxyARgHvgduaslJWA/u5OQDg1M0ti5VobXJnkXhVwAOpbtTDcPgAgADmhkcgB0H4nrT1TOdnGBWXupEfWKdtx8crMxX17jpW3YzASq+cErkj/AHTg4/SseG2JIxhQOc881edVjj8zO51O1s8cNyO3tXXlldU8bTa72+8/MvF3CU8w4YxNFK7ilJesXf8AK56RLMj2Rc8EYPBx+FegfBXU86tqGhOSS6ieJf738LD+VeQ2swmsF3ZCsBVrwdqraH8RNFuCf3E0jW8hBwNsg2/jhsV+vZfivZV6c+jf56H+cma4L2+Fq0utvy1PumGVY3UKmzacAZ6V2FtJDfReW5y8fRgeVPqK4tgYJkjdSC43AngEHoa1dPmmimVwflav0lH45Uj1NOTxLdrefYb60WSErsSWNjvDjuw44NWUMs1oBbSGKaD5sOMoVfqGHcZpb7TIrl/tKAq6jcSvU47/AIVL9qjtbVZZ/wB6rr5bhV5Ibg89M4pmPQq/aLlrhrG/ELR7RIs9rlF3ryUbJbI9+DT7u90uZZba3lZr0RFmCg7AU5Az0zjPFPbTnax+wrsikafMkgIJaJTlSOOCwxmtC2acXkcTW8EsbZUyFAjbeh6cE+9BDgrmUqh4hKCCSB196haNo/n25yMYq1bkHzo1A2wStHx0GDgdatxxA5Z1zzxWkXoZqN3YqXqFtNIAIKkZOPWvhXUoBpPjTULdCVSSZ256bic8fjzX3vMBJaSRYJI5Ir4x+K1va6drP9pzERIpR3bsFUENn/vmviON3OEcNVh/Pyv0af6pfefsPhNh4YqlmODktVTVRPzhJJ/+Syf3GDck7M4Jya818S6Vey3yXUEQcOgB2kAgoe5PsRV/T/iv4S1C/wDscBldGIVZAowT3wmd5H4Z9q7/AFmzsH0kahZTpJAp3rIGG3aeG57EcZB5GK/M+JYc+DlUpayjr/XyP27whztZbxFTUtI1E4P57f8AkyR4aPDupuxLhVU88tzn8KnTwtcZy8ygewOa6ifXNFhOJbpD/u5b8eKzZvFOiKNyyO+Oyof64r81WJx0vhg/uP7InjNNZFIeGl/imZiO4AH+NP8A+EbT/nrJ+S1Um8a2cRxDbSOPUkKD/OoP+E7T/nyf/vsVqqOYvW35HK8VG+sj/9P4aSWMHblcn8z+HtVqGDzWDBHcZByFJyO+MCsRP+PhP+BV2uj/AOpj+n9TX8vVlyq6P9npyaW5Cun37nEcLspPcYxV1NH1FznyNpHUlhiuxtfumradGr5+tjqkXZJHFPEST0OK/wCEfv5uH8uPHqSePpVtPDEr/wCtuVHoEX/E8115+/8A8BH9KI/9Ytccsxr9H+Bi8TUelzn4fD8ceUeZ259uP0qxNodqbaVFaRnZDtJO7BA444zzW2fvH6ihOprBYuq5J3ObFRVahKnU1Uk0/mcjaQywR7AMjqQOn88VFGFg1nTppAFKTxuSeihWHX0rUh+5+NZV9/x/x/Vf/Qq/cVN/Vo1FvY/zv5UsW4+Z+gunyJeWEF2QSoQY9uOneti3A+QQqQRyawfDn/IuRf8AAf8A0Guksfvf8B/pX6vk9edXA0qs93FN/cfj/F2Fp4bOcXhqKtGNSaXopNI6E5ltN4OG56e9UbGTEcljLgAsHUtnG4eo561et/8AjzrMX/j9/KvUPlTpLXfco7RhRIgKYPvj+gqnOWtUkvA6CRWKxrnJyeelaOi/fuP941hat2/66n/0GgB9zEo1D7Ui7VuESRgOmSOT+eauxbC3zZ288ZzUVz922/64p/Wnxf0qoh5izKqox3EMwwR04FfLXi3QrDxhrk9tqEZuLCHKPC3EcsgYnDY+8gHUdD0PHFfUl33/AM9q+eLT/kIXn/XxL/Ovn+JoqWHjGS63+aPt+A8TVw1epVoSs3Fxfo90cHq3gbwdNpj6Zd6VaKijCNDbxxtEezIQoII7dq+cbttV0i41bQpJDc2yArIx4zHgFTj3DZB6jp0r621npJ9F/pXy74j/AOQ54g/694v/AEUlfFU4KfNTls0z9JwVWdLE061N2kpJp/M8rkItSFH71SPlOcEg/wBe2PWs7DMGIBPJJ/wq5c9bX6n/ANGNUUP3Zv8AfP8AM1+d1IKEpJdz+6MlxMsTgaOJqfFKMW7d2rkKmMAZ464PWn/9tP1NVT9yP60+k0dstz//2Q==",
      }
    }
    style={
      Object {
        "height": 70,
        "width": 70,
      }
    }
  />
</View>
`;
